// Jest Snapshot v1, https://goo.gl/fbAQLP

exports[`NotFoundPage Should render 1`] = `
<div>
  <mock-seo
    title="404"
  />
  <h1>
    404: Not Found
  </h1>
</div>
`;
