// Jest Snapshot v1, https://goo.gl/fbAQLP

exports[`Index Should render 1`] = `
Array [
  <mock-seo />,
  <div
    className="md:container md:mx-auto"
  >
    <span
      className="text-xl"
    >
      TODO
    </span>
  </div>,
]
`;
